{"sellOrders": [{"id": 3, "price": 100, quantity: 100}, {"id": 2, "price": 100, quantity: 100}], "buyOrders": []}